2026-02-03 05:02:06 - getMahasiswaWithoutSchedule called
Total presentasi accepted: 2
Total mahasiswa already scheduled: 0
Available mahasiswa count: 2
First result: Array
(
    [id_presentasi] => 20
    [id_mahasiswa] => 115
    [nama_lengkap] => Nahwa Kaka
    [stambuk] => 13020230306
    [judul] => Tipe data C++
)

---
2026-02-03 05:02:27 - getMahasiswaWithoutSchedule called
Total presentasi accepted: 2
Total mahasiswa already scheduled: 0
Available mahasiswa count: 2
First result: Array
(
    [id_presentasi] => 20
    [id_mahasiswa] => 115
    [nama_lengkap] => Nahwa Kaka
    [stambuk] => 13020230306
    [judul] => Tipe data C++
)

---
2026-02-03 05:02:30 - getMahasiswaWithoutSchedule called
Total presentasi accepted: 2
Total mahasiswa already scheduled: 0
Available mahasiswa count: 2
First result: Array
(
    [id_presentasi] => 20
    [id_mahasiswa] => 115
    [nama_lengkap] => Nahwa Kaka
    [stambuk] => 13020230306
    [judul] => Tipe data C++
)

---
2026-02-03 05:02:42 - getMahasiswaWithoutSchedule called
Total presentasi accepted: 2
Total mahasiswa already scheduled: 0
Available mahasiswa count: 2
First result: Array
(
    [id_presentasi] => 20
    [id_mahasiswa] => 115
    [nama_lengkap] => Nahwa Kaka
    [stambuk] => 13020230306
    [judul] => Tipe data C++
)

---
2026-02-03 05:05:13 - getMahasiswaWithoutSchedule called
Total presentasi accepted: 2
Total mahasiswa already scheduled: 0
Available mahasiswa count: 2
First result: Array
(
    [id_presentasi] => 20
    [id_mahasiswa] => 115
    [nama_lengkap] => Nahwa Kaka
    [stambuk] => 13020230306
    [judul] => Tipe data C++
)

---
2026-02-03 05:06:30 - getMahasiswaWithoutSchedule called
Total presentasi accepted: 2
Total mahasiswa already scheduled: 0
Available mahasiswa count: 2
First result: Array
(
    [id_presentasi] => 20
    [id_mahasiswa] => 115
    [nama_lengkap] => Nahwa Kaka
    [stambuk] => 13020230306
    [judul] => Tipe data C++
)

---
2026-02-03 05:06:31 - getMahasiswaWithoutSchedule called
Total presentasi accepted: 2
Total mahasiswa already scheduled: 0
Available mahasiswa count: 2
First result: Array
(
    [id_presentasi] => 20
    [id_mahasiswa] => 115
    [nama_lengkap] => Nahwa Kaka
    [stambuk] => 13020230306
    [judul] => Tipe data C++
)

---
2026-02-03 05:06:34 - getMahasiswaWithoutSchedule called
Total presentasi accepted: 2
Total mahasiswa already scheduled: 0
Available mahasiswa count: 2
First result: Array
(
    [id_presentasi] => 20
    [id_mahasiswa] => 115
    [nama_lengkap] => Nahwa Kaka
    [stambuk] => 13020230306
    [judul] => Tipe data C++
)

---
2026-02-03 05:07:17 - getMahasiswaWithoutSchedule called
Total presentasi accepted: 2
Total mahasiswa already scheduled: 0
Available mahasiswa count: 2
First result: Array
(
    [id_presentasi] => 20
    [id_mahasiswa] => 115
    [nama_lengkap] => Nahwa Kaka
    [stambuk] => 13020230306
    [judul] => Tipe data C++
)

---
2026-02-03 05:07:21 - getMahasiswaWithoutSchedule called
Total presentasi accepted: 2
Total mahasiswa already scheduled: 0
Available mahasiswa count: 2
First result: Array
(
    [id_presentasi] => 20
    [id_mahasiswa] => 115
    [nama_lengkap] => Nahwa Kaka
    [stambuk] => 13020230306
    [judul] => Tipe data C++
)

---
2026-02-03 05:07:32 - saveSingle called
id_presentasi: 20, id_ruangan: 26, tanggal: 2026-02-10, waktu: 10:07
Found id_mahasiswa: 115
Duplicate check count: 0
Validation passed, inserting new schedule
Formatted date: 2026-02-10, time: 10:07:00
Insert result: SUCCESS

2026-02-03 05:08:12 - getMahasiswaWithoutSchedule called
Total presentasi accepted: 2
Total mahasiswa already scheduled: 1
Available mahasiswa count: 1
First result: Array
(
    [id_presentasi] => 19
    [id_mahasiswa] => 91
    [nama_lengkap] => Raihan Nur Rizqillah
    [stambuk] => 13020230309
    [judul] => technical meeting
)

---
2026-02-03 05:08:23 - saveSingle called
id_presentasi: 19, id_ruangan: 27, tanggal: 2026-02-20, waktu: 18:13
Found id_mahasiswa: 91
Duplicate check count: 0
Validation passed, inserting new schedule
Formatted date: 2026-02-20, time: 18:13:00
Insert result: SUCCESS

2026-02-03 05:08:55 - getMahasiswaWithoutSchedule called
Total presentasi accepted: 2
Total mahasiswa already scheduled: 1
Available mahasiswa count: 1
First result: Array
(
    [id_presentasi] => 19
    [id_mahasiswa] => 91
    [nama_lengkap] => Raihan Nur Rizqillah
    [stambuk] => 13020230309
    [judul] => technical meeting
)

---
2026-02-03 05:09:10 - saveSingle called
id_presentasi: 19, id_ruangan: 27, tanggal: 2026-02-23, waktu: 09:09
Found id_mahasiswa: 91
Duplicate check count: 0
Validation passed, inserting new schedule
Formatted date: 2026-02-23, time: 09:09:00
Insert result: SUCCESS

