2026-02-03 05:02:06 - getAvailableMahasiswa controller called
Returning 2 mahasiswa to frontend
2026-02-03 05:02:27 - getAvailableMahasiswa controller called
Returning 2 mahasiswa to frontend
2026-02-03 05:02:30 - getAvailableMahasiswa controller called
Returning 2 mahasiswa to frontend
2026-02-03 05:02:42 - getAvailableMahasiswa controller called
Returning 2 mahasiswa to frontend
2026-02-03 05:05:13 - getAvailableMahasiswa controller called
Returning 2 mahasiswa to frontend
2026-02-03 05:06:30 - getAvailableMahasiswa controller called
Returning 2 mahasiswa to frontend
2026-02-03 05:06:31 - getAvailableMahasiswa controller called
Returning 2 mahasiswa to frontend
2026-02-03 05:06:34 - getAvailableMahasiswa controller called
Returning 2 mahasiswa to frontend
2026-02-03 05:07:17 - getAvailableMahasiswa controller called
Returning 2 mahasiswa to frontend
2026-02-03 05:07:21 - getAvailableMahasiswa controller called
Returning 2 mahasiswa to frontend
2026-02-03 05:07:32 - saveSingleJadwal controller called
POST data: Array
(
    [id_presentasi] => 20
    [id_ruangan] => 26
    [tanggal] => 2026-02-10
    [waktu] => 10:07
)

Parsed: id_presentasi=20, id_ruangan=26, tanggal=2026-02-10, waktu=10:07
Creating JadwalPresentasi object and calling saveSingle
SUCCESS: Jadwal saved successfully
2026-02-03 05:08:12 - getAvailableMahasiswa controller called
Returning 1 mahasiswa to frontend
2026-02-03 05:08:23 - saveSingleJadwal controller called
POST data: Array
(
    [id_presentasi] => 19
    [id_ruangan] => 27
    [tanggal] => 2026-02-20
    [waktu] => 18:13
)

Parsed: id_presentasi=19, id_ruangan=27, tanggal=2026-02-20, waktu=18:13
Creating JadwalPresentasi object and calling saveSingle
SUCCESS: Jadwal saved successfully
2026-02-03 05:08:55 - getAvailableMahasiswa controller called
Returning 1 mahasiswa to frontend
2026-02-03 05:09:10 - saveSingleJadwal controller called
POST data: Array
(
    [id_presentasi] => 19
    [id_ruangan] => 27
    [tanggal] => 2026-02-23
    [waktu] => 09:09
)

Parsed: id_presentasi=19, id_ruangan=27, tanggal=2026-02-23, waktu=09:09
Creating JadwalPresentasi object and calling saveSingle
SUCCESS: Jadwal saved successfully
